// Jest Snapshot v1, https://goo.gl/fbAQLP

exports[`Correctly render differenceBlock component 1`] = `
<span
  className="graph__pipe graph__pipe--vertical graph__pipe--difference"
  style={
    Object {
      "height": "50%",
    }
  }
  title="10KWH (+50%)"
/>
`;
